plumbing/pipe-fittings ok
plumbing/valves skip
plumbing/taps-mixers ok
plumbing/bathroom-toilet ok
plumbing/geysers ok
plumbing/drainage-rainwater ok
plumbing/tanks-hose ok
plumbing/sheeting-membranes ok
plumbing/plumbing-consumables-tools ok
electrical/wire-wiring-accessories ok
electrical/switches-plugs-sockets ok
electrical/circuit-protection-control skip
electrical/enclosures-db-boards ok
electrical/security ok
electrical/fans-air-movement ok
electrical/contracting-items-electrical-tools ok
electrical/maintenance-chemicals ok
electrical/sound-equipment-miscellaneous ok
electrical/batteries-torches ok
lighting/indoor-led-downlights ok
lighting/outdoor-security-lighting ok
lighting/floodlights ok
lighting/fluorescent-fittings ok
lighting/industrial-lighting ok
lighting/lamps-bulbs ok
lighting/lamp-holders-spotlights ok
lighting/general-lighting ok
solar-backup-power/inverters ok
solar-backup-power/batteries-energy-storage ok
solar-backup-power/solar-panels ok
solar-backup-power/kits-backup-power-packages ok
solar-backup-power/charge-controllers ok
solar-backup-power/protection-isolators-breakers-fuses ok
solar-backup-power/installation-accessories-cables ok
solar-backup-power/monitoring-meters-cts ok
solar-backup-power/solar-lights-dc-appliances ok
solar-backup-power/ev-chargers skip
power-tools/drills-drivers ok
power-tools/grinders ok
power-tools/saws ok
power-tools/sanders-polishers ok
power-tools/rotary-hammers ok
power-tools/planers-routers ok
power-tools/welding ok
power-tools/water-pumps ok
power-tools/generators-petrol-tools ok
power-tools/batteries-chargers ok
power-tools/garden-cleaning ok
power-tools/other-power-tools ok
power-tools/drill-bits ok
power-tools/saw-cutting-blades ok
power-tools/abrasives-sanding ok
power-tools/power-bits ok
power-tools/other-accessories ok
hand-tools/screwdrivers-sets ok
hand-tools/pliers-gripping ok
hand-tools/spanners-sockets skip
hand-tools/hammers-striking ok
hand-tools/chisels-punches ok
hand-tools/measuring-marking ok
hand-tools/saws-cutting ok
hand-tools/tin-snips ok
hand-tools/clamps-vices ok
hand-tools/finishing-plastering ok
hand-tools/garden-tools ok
hand-tools/tool-storage ok
hand-tools/safety-gear ok
hand-tools/tool-sets-kits ok
hand-tools/other-hand-tools ok
fixings-adhesives/screws ok
fixings-adhesives/nails ok
fixings-adhesives/anchors-wall-plugs ok
fixings-adhesives/nuts-bolts-washers ok
fixings-adhesives/rivets ok
fixings-adhesives/threaded-rod ok
fixings-adhesives/fastener-kits-pre-packs ok
fixings-adhesives/ironmongery-door-hardware ok
fixings-adhesives/tapes ok
fixings-adhesives/mounting-hanging ok
fixings-adhesives/weather-sealing ok
fixings-adhesives/bath-household ok
air-tools-compressors/compressors ok
air-tools-compressors/air-tools ok
air-tools-compressors/spray-guns-airbrushes ok
air-tools-compressors/air-treatment ok
air-tools-compressors/hoses-hose-reels ok
air-tools-compressors/tubing ok
air-tools-compressors/hose-fittings ok
air-tools-compressors/push-in-fittings ok
air-tools-compressors/gauges ok
air-tools-compressors/vacuum-pumps ok
paint-waterproofing/interior-paint ok
paint-waterproofing/exterior-paint ok
paint-waterproofing/roof-paint ok
paint-waterproofing/enamel-metal-paint ok
paint-waterproofing/wood-care ok
paint-waterproofing/primers-undercoats-prep ok
paint-waterproofing/cleaners-strippers ok
paint-waterproofing/waterproofing skip
paint-waterproofing/floor-automotive-industrial ok
